Script started on Fri Mar  3 13:37:53 2017
[?1034hbash-3.2$ 
bash-3.2$ c[Kionic serve --address localhost[K --address localhost[K[K[K[K[K[K[K[K[C[C[C[C[C[C[C[C[C[C[Kquit
bash: quit: command not found
bash-3.2$ qiu[K[K[Kqiut[K[K[K[K
bash-3.2$ 
bash-3.2$ c[Kquit
bash: quit: command not found
bash-3.2$ quit:
bash: quit:: command not found
bash-3.2$ exit
exit

Script done on Fri Mar  3 13:38:23 2017
